<?xml version="1.0" encoding="utf-8"?>
<testsuites>
	<testcase name="application configuration is valid" time="0.001024" classname="test" file="C:\Users\VENU GOPALA REDDY\OneDrive\Desktop\Visys Cloud Technology\Task-41\jenkins-nodejs-app\test.js"/>
	<!-- tests 1 -->
	<!-- suites 0 -->
	<!-- pass 1 -->
	<!-- fail 0 -->
	<!-- cancelled 0 -->
	<!-- skipped 0 -->
	<!-- todo 0 -->
	<!-- duration_ms 70.7428 -->
</testsuites>
